[scénario 850, Canon fidèle] 1366×768
  OK  bandeau : registres Chronique (H), Renseignement (I), Bureau d'études (B)
  OK  dossier E09 ouvert de lui-même : 3 choix, coûts affichés (5 lignes), un tampon « conforme à la chronique », deux écarts chiffrés
  OK  une décision due met le temps en pause
  OK  dossier d'événement : 0 valeurs, toutes expliquées ; aucune clé ni identifiant brut
  OK  « Différer » referme le dossier sans décider
  OK  chronique : le dossier différé reste en attente, avec son échéance
  OK  choix non historique signé : divergence 0,06 / 2,5, écart inscrit à la chronique
  OK  chronique : 2 valeurs, toutes expliquées ; aucune clé ni identifiant brut
  OK  recrutement : 2 → 3 agents (capital dépensé)
node:internal/modules/run_main:123
    triggerUncaughtException(
    ^

locator.selectOption: Timeout 30000ms exceeded.
Call log:
[2m  - waiting for locator('.fiche-agent').first().locator('select[data-agent-target]')[22m
[2m    - locator resolved to <select class="plan-choix" data-agent-target="agent_1">…</select>[22m
[2m  - attempting select option action[22m
[2m    2 × waiting for element to be visible and enabled[22m
[2m      - did not find some options[22m
[2m    - retrying select option action[22m
[2m    - waiting 20ms[22m
[2m    2 × waiting for element to be visible and enabled[22m
[2m      - did not find some options[22m
[2m    - retrying select option action[22m
[2m      - waiting 100ms[22m
[2m    8 × waiting for element to be visible and enabled[22m
[2m      - did not find some options[22m
[2m    - retrying select option action[22m
[2m      - waiting 500ms[22m
[2m    - waiting for element to be visible and enabled[22m

    at <anonymous> (/home/user/Jeu-AOT-V2/src/tools/smoke-p5.ts:127:83) {
  log: [
    "  - waiting for locator('.fiche-agent').first().locator('select[data-agent-target]')",
    '    - locator resolved to <select class="plan-choix" data-agent-target="agent_1">…</select>',
    '  - attempting select option action',
    '    2 × waiting for element to be visible and enabled',
    '      - did not find some options',
    '    - retrying select option action',
    '    - waiting 20ms',
    '    2 × waiting for element to be visible and enabled',
    '      - did not find some options',
    '    - retrying select option action',
    '      - waiting 100ms',
    '    8 × waiting for element to be visible and enabled',
    '      - did not find some options',
    '    - retrying select option action',
    '      - waiting 500ms',
    '    - waiting for element to be visible and enabled'
  ],
  name: 'TimeoutError'
}

Node.js v22.22.0
