
 RUN  v5.0.3 /home/user/Jeu-AOT-V2

 ❯ tests/ui/audio.test.ts (9 tests | 1 failed) 90ms
   ❯ audio (AC8-06) (9)
     × R0.2a : un même sous-titre n'est pas répété en moins d'une seconde 19ms

⎯⎯⎯⎯⎯⎯⎯ Failed Tests 1 ⎯⎯⎯⎯⎯⎯⎯

 FAIL  tests/ui/audio.test.ts > audio (AC8-06) > R0.2a : un même sous-titre n'est pas répété en moins d'une seconde
AssertionError: expected [ Array(2) ] to have a length of 1 but got 2

- Expected
+ Received

- 1
+ 2

 ❯ tests/ui/audio.test.ts:182:69
    180|       e.play("pas_titan");
    181|     }
    182|     expect(captions.filter((c) => c === fr["audio.sfx.pas_titan"])).to…
       |                                                                     ^
    183|     ctx.currentTime = 1.6;
    184|     e.play("pas_titan");

⎯⎯⎯⎯⎯⎯⎯⎯⎯⎯⎯⎯⎯⎯⎯⎯⎯⎯⎯⎯⎯⎯⎯⎯[1/1]⎯


 Test Files  1 failed (1)
      Tests  1 failed | 8 passed (9)
   Start at  16:40:50
   Duration  800ms (transform 79%, tests 15%, import 6%, worker 1%)

