
> murs-et-sang@0.0.1 sim:expeditions
> tsx src/tools/sim-expeditions.ts

[eventail] 100 expéditions vers prov_maria_est (20 escouades)
  mortalité : moyenne 31.9 % · médiane 27.6 % · p10 15.8 % · p90 57.5 % · min 2.9 % · max 79.3 %
  histogramme (tranches de 10 %) : 0–10 : 4 · 10–20 : 17 · 20–30 : 37 · 30–40 : 16 · 40–50 : 11 · 50–60 : 5 · 60–70 : 7 · 70–80 : 3 · 80–90 : 0 · 90–100 : 0
  objectif atteint 93/100 · retraits 7 · durée moyenne 14.3 j · engagements moyens 14.0
  causes : titan 2056 · anormal 939 · hemorragie 142 · infection 103 · epuisement 53
[colonnes] 100 expéditions vers prov_maria_est (20 escouades)
  mortalité : moyenne 65.7 % · médiane 67.0 % · p10 40.8 % · p90 88.0 % · min 16.3 % · max 99.0 %
  histogramme (tranches de 10 %) : 0–10 : 0 · 10–20 : 1 · 20–30 : 2 · 30–40 : 6 · 40–50 : 12 · 50–60 : 16 · 60–70 : 20 · 70–80 : 18 · 80–90 : 16 · 90–100 : 9
  objectif atteint 79/100 · retraits 21 · durée moyenne 24.4 j · engagements moyens 32.5
  causes : titan 4389 · anormal 1532 · hemorragie 397 · infection 264 · epuisement 181
Critères AC3-07 (expédition type : éventail) :
  OK  100 expéditions sans crash (et 100 en colonnes)
  OK  mortalité moyenne dans [25 %, 40 %] (02 §15) : 31.9 %
  OK  distribution large : p90 − p10 = 41.7 points (≥ 20)
  OK  queue épaisse : max 79.3 % ≥ 1,5 × médiane (41.4 %)
Contrôle de cohérence (AC3-06) :
  OK  l'éventail perd moins que les colonnes (31.9 % < 65.7 %)
sim:expeditions : OK.
