soldat : nominal 1.7 m, mesuré 1.683 m (sans les lames)
mur : nominal 50 m, mesuré 50.00 m (pied → chemin de ronde, sans parapet)
classe_3 : nominal 3 m, mesuré 3.000 m (écart -0.00 %)
classe_5 : nominal 5 m, mesuré 5.000 m (écart 0.00 %)
classe_8 : nominal 8 m, mesuré 8.000 m (écart 0.00 %)
classe_12 : nominal 12 m, mesuré 12.000 m (écart -0.00 %)
classe_15 : nominal 15 m, mesuré 15.000 m (écart -0.00 %)
classe_12_anormal : nominal 12 m, mesuré 12.000 m (écart -0.00 %)
classe_8_sentinelle : nominal 8 m, mesuré 8.000 m (écart -0.00 %)
classe_8_chasseur : nominal 8 m, mesuré 8.000 m (écart 0.00 %)
classe_5_meute : nominal 5 m, mesuré 5.000 m (écart 0.00 %)
classe_8_nocturne : nominal 8 m, mesuré 8.000 m (écart 0.00 %)
titan_mur : nominal 50 m, mesuré 50.000 m (écart 0.00 %)
rod_reiss : nominal 120 m, mesuré 120.000 m (écart -0.00 %)
colossal : nominal 60 m, mesuré 60.000 m (écart 0.00 %)
classe_3 : 1.78 soldats (nominal 1.76) ; mur / Titan 16.667 (nominal 16.667)
classe_5 : 2.97 soldats (nominal 2.94) ; mur / Titan 10.000 (nominal 10.000)
classe_8 : 4.75 soldats (nominal 4.71) ; mur / Titan 6.250 (nominal 6.250)
classe_12 : 7.13 soldats (nominal 7.06) ; mur / Titan 4.167 (nominal 4.167)
classe_15 : 8.91 soldats (nominal 8.82) ; mur / Titan 3.333 (nominal 3.333)
classe_12_anormal : 7.13 soldats (nominal 7.06) ; mur / Titan 4.167 (nominal 4.167)
classe_8_sentinelle : 4.75 soldats (nominal 4.71) ; mur / Titan 6.250 (nominal 6.250)
classe_8_chasseur : 4.75 soldats (nominal 4.71) ; mur / Titan 6.250 (nominal 6.250)
classe_5_meute : 2.97 soldats (nominal 2.94) ; mur / Titan 10.000 (nominal 10.000)
classe_8_nocturne : 4.75 soldats (nominal 4.71) ; mur / Titan 6.250 (nominal 6.250)
titan_mur : 29.70 soldats (nominal 29.41) ; mur / Titan 1.000 (nominal 1.000)
rod_reiss : 71.28 soldats (nominal 70.59) ; mur / Titan 0.417 (nominal 0.417)
colossal : 35.64 soldats (nominal 35.29) ; mur / Titan 0.833 (nominal 0.833)
pieds : écart au sol ≤ 0,5 % de la hauteur, debout, en marche (8 instants), en course, sur sol à 0 et à 37 m — vérifié
rod_reiss allongé : longueur au sol 145.9 m, hauteur 38.7 m, point bas 0.000 m
