Lot 1 : 36 paires (de la plus proche à la plus lointaine)
paire | D | palette ΔE | toits | matériaux | densité
E11–E13 | 1.83 | 6.2 | 0.15 | 0.20 | 0.21
E05–E06 | 1.95 | 9.1 | 0.23 | 0.25 | 0.16
E02–E05 | 2.10 | 11.8 | 0.27 | 0.25 | 0.14
E13–E19 | 2.59 | 8.7 | 0.60 | 0.05 | 0.06
E11–E19 | 2.81 | 10.2 | 0.55 | 0.25 | 0.15
E01–E02 | 3.11 | 8.8 | 0.46 | 0.55 | 0.12
E02–E06 | 3.71 | 13.2 | 0.50 | 0.50 | 0.30
E14–E19 | 3.76 | 16.3 | 0.45 | 0.70 | 0.09
E14–E22 | 4.18 | 9.1 | 0.10 | 1.00 | 0.10
E01–E05 | 4.20 | 16.7 | 0.66 | 0.70 | 0.02
E19–E22 | 4.53 | 11.5 | 0.45 | 1.00 | 0.01
E13–E14 | 5.06 | 16.9 | 1.00 | 0.65 | 0.03
E06–E22 | 5.13 | 9.7 | 0.90 | 0.15 | 0.52
E01–E11 | 5.13 | 8.4 | 0.61 | 0.60 | 0.56
E01–E06 | 5.29 | 20.5 | 0.87 | 0.80 | 0.18
E11–E14 | 5.43 | 20.4 | 1.00 | 0.65 | 0.24
E13–E22 | 5.85 | 14.2 | 1.00 | 1.00 | 0.07
E11–E22 | 5.99 | 17.5 | 1.00 | 1.00 | 0.14
E05–E22 | 6.09 | 9.8 | 0.90 | 0.40 | 0.68
E02–E11 | 6.35 | 12.8 | 0.70 | 0.80 | 0.68
E05–E11 | 6.36 | 20.0 | 0.75 | 0.95 | 0.54
E01–E19 | 6.47 | 10.7 | 0.71 | 0.80 | 0.71
E06–E11 | 6.50 | 25.8 | 0.96 | 0.95 | 0.38
E01–E13 | 6.83 | 8.9 | 0.76 | 0.80 | 0.77
E06–E19 | 6.85 | 19.4 | 0.96 | 1.00 | 0.53
E05–E19 | 7.05 | 15.3 | 0.80 | 1.00 | 0.69
E02–E22 | 7.11 | 10.0 | 0.90 | 0.65 | 0.82
E06–E14 | 7.14 | 13.8 | 1.00 | 1.00 | 0.62
E06–E13 | 7.15 | 22.2 | 0.96 | 1.00 | 0.59
E01–E22 | 7.26 | 13.0 | 0.96 | 0.95 | 0.70
E02–E19 | 7.42 | 11.0 | 0.80 | 0.90 | 0.83
E05–E13 | 7.46 | 17.7 | 0.85 | 1.00 | 0.75
E02–E13 | 7.79 | 9.8 | 0.85 | 0.90 | 0.89
E05–E14 | 7.80 | 13.5 | 1.00 | 1.00 | 0.78
E01–E14 | 7.93 | 15.4 | 1.00 | 1.00 | 0.80
E02–E14 | 8.45 | 13.2 | 1.00 | 1.00 | 0.92
Minimum du lot 1 : 1.83 (E11–E13)

Lot 2 : 171 paires (de la plus proche à la plus lointaine)
paire | D | palette ΔE | toits | matériaux | densité
E17–E18 | 1.79 | 16.1 | 0.00 | 0.20 | 0.00
E16–E18 | 1.90 | 14.7 | 0.00 | 0.30 | 0.00
E04–E26 | 1.99 | 11.4 | 0.30 | 0.15 | 0.14
E18–E29 | 1.99 | 15.9 | 0.00 | 0.30 | 0.01
E16–E29 | 2.15 | 21.5 | 0.00 | 0.00 | 0.01
E16–E20 | 2.21 | 11.4 | 0.35 | 0.25 | 0.12
E16–E17 | 2.29 | 11.1 | 0.00 | 0.50 | 0.00
E10–E27 | 2.37 | 5.0 | 0.20 | 0.40 | 0.22
E04–E10 | 2.38 | 8.3 | 0.30 | 0.45 | 0.08
E12–E27 | 2.51 | 9.2 | 0.10 | 0.55 | 0.10
E15–E17 | 2.63 | 17.1 | 0.00 | 0.50 | 0.00
E26–E28 | 2.67 | 10.2 | 0.30 | 0.15 | 0.31
E18–E20 | 2.68 | 17.8 | 0.35 | 0.30 | 0.12
E20–E29 | 2.69 | 19.4 | 0.35 | 0.25 | 0.11
E17–E20 | 2.69 | 8.1 | 0.35 | 0.50 | 0.12
E24–E25 | 2.73 | 6.6 | 0.25 | 0.30 | 0.32
E03–E26 | 2.78 | 8.3 | 0.30 | 0.50 | 0.19
E04–E27 | 2.86 | 9.9 | 0.20 | 0.40 | 0.30
E17–E29 | 2.93 | 21.4 | 0.00 | 0.50 | 0.01
E24–E26 | 2.94 | 8.5 | 0.65 | 0.25 | 0.06
E12–E26 | 2.95 | 12.8 | 0.50 | 0.05 | 0.26
E03–E21 | 2.99 | 9.1 | 0.10 | 0.70 | 0.05
E03–E24 | 3.10 | 9.9 | 0.55 | 0.25 | 0.25
E12–E28 | 3.14 | 15.3 | 0.65 | 0.20 | 0.05
E04–E12 | 3.18 | 11.1 | 0.30 | 0.15 | 0.40
E20–E23 | 3.19 | 13.4 | 0.35 | 0.60 | 0.12
E10–E12 | 3.21 | 8.8 | 0.10 | 0.55 | 0.32
E03–E04 | 3.23 | 14.1 | 0.60 | 0.40 | 0.05
E10–E26 | 3.24 | 14.3 | 0.40 | 0.60 | 0.06
E24–E28 | 3.40 | 10.2 | 0.60 | 0.35 | 0.25
E15–E18 | 3.40 | 19.3 | 0.00 | 0.70 | 0.00
E26–E27 | 3.42 | 13.1 | 0.50 | 0.55 | 0.16
E07–E21 | 3.54 | 14.7 | 0.50 | 0.60 | 0.12
E03–E07 | 3.70 | 11.5 | 0.45 | 0.70 | 0.17
E17–E23 | 3.71 | 14.8 | 0.00 | 0.85 | 0.00
E07–E10 | 3.71 | 16.1 | 0.30 | 0.60 | 0.30
E03–E25 | 3.72 | 9.8 | 0.70 | 0.55 | 0.07
E04–E24 | 3.75 | 11.8 | 0.80 | 0.20 | 0.20
E16–E23 | 3.76 | 16.0 | 0.00 | 0.85 | 0.00
E18–E23 | 3.78 | 16.5 | 0.00 | 0.85 | 0.00
E25–E26 | 3.79 | 9.9 | 0.80 | 0.10 | 0.26
E23–E29 | 3.81 | 17.2 | 0.00 | 0.85 | 0.01
E03–E08 | 3.89 | 13.2 | 0.55 | 0.30 | 0.40
E04–E25 | 3.89 | 14.0 | 0.85 | 0.25 | 0.12
E04–E28 | 3.93 | 13.2 | 0.45 | 0.30 | 0.45
E03–E10 | 4.02 | 16.6 | 0.70 | 0.55 | 0.13
E20–E24 | 4.07 | 11.3 | 0.75 | 0.55 | 0.18
E03–E20 | 4.22 | 9.2 | 0.65 | 0.35 | 0.43
E08–E25 | 4.27 | 12.4 | 0.70 | 0.50 | 0.33
E27–E28 | 4.30 | 17.1 | 0.65 | 0.70 | 0.15
E15–E29 | 4.33 | 16.5 | 0.00 | 1.00 | 0.01
E15–E16 | 4.38 | 17.8 | 0.00 | 1.00 | 0.00
E15–E28 | 4.39 | 17.2 | 1.00 | 0.10 | 0.05
E03–E27 | 4.45 | 14.7 | 0.80 | 0.35 | 0.35
E03–E28 | 4.46 | 10.4 | 0.35 | 0.60 | 0.50
E15–E23 | 4.47 | 20.0 | 0.00 | 1.00 | 0.00
E12–E15 | 4.49 | 15.0 | 1.00 | 0.30 | 0.10
E17–E28 | 4.50 | 12.4 | 1.00 | 0.40 | 0.05
E21–E26 | 4.55 | 13.1 | 0.35 | 0.95 | 0.24
E08–E21 | 4.56 | 7.4 | 0.45 | 0.85 | 0.35
E12–E24 | 4.56 | 14.2 | 1.00 | 0.25 | 0.20
E20–E28 | 4.59 | 10.5 | 0.65 | 0.90 | 0.07
E20–E26 | 4.59 | 12.3 | 0.65 | 0.80 | 0.24
E18–E27 | 4.59 | 16.4 | 1.00 | 0.20 | 0.20
E10–E24 | 4.62 | 14.1 | 0.90 | 0.60 | 0.12
E27–E29 | 4.62 | 11.0 | 1.00 | 0.40 | 0.19
E04–E07 | 4.64 | 15.4 | 0.50 | 0.90 | 0.22
E21–E24 | 4.66 | 16.1 | 0.55 | 0.80 | 0.30
E15–E20 | 4.67 | 17.8 | 0.35 | 1.00 | 0.12
E24–E27 | 4.70 | 12.8 | 1.00 | 0.50 | 0.10
E20–E27 | 4.76 | 19.5 | 1.00 | 0.40 | 0.08
E17–E24 | 4.79 | 15.2 | 1.00 | 0.20 | 0.30
E21–E25 | 4.85 | 10.9 | 0.70 | 0.95 | 0.02
E10–E28 | 4.90 | 17.9 | 0.60 | 0.75 | 0.37
E12–E17 | 4.90 | 24.8 | 1.00 | 0.30 | 0.10
E18–E24 | 4.93 | 13.0 | 1.00 | 0.40 | 0.30
E17–E27 | 4.93 | 22.7 | 1.00 | 0.30 | 0.20
E25–E28 | 4.95 | 10.0 | 0.75 | 0.05 | 0.57
E16–E27 | 4.98 | 21.1 | 1.00 | 0.40 | 0.20
E10–E25 | 4.98 | 15.0 | 0.90 | 0.70 | 0.20
E12–E18 | 4.98 | 21.0 | 1.00 | 0.50 | 0.10
E18–E28 | 5.01 | 17.9 | 1.00 | 0.60 | 0.05
E15–E26 | 5.01 | 15.3 | 1.00 | 0.25 | 0.36
E15–E24 | 5.02 | 13.9 | 1.00 | 0.45 | 0.30
E07–E26 | 5.03 | 12.5 | 0.35 | 1.00 | 0.36
E04–E21 | 5.04 | 19.4 | 0.65 | 0.95 | 0.10
E17–E26 | 5.05 | 15.2 | 1.00 | 0.30 | 0.36
E03–E12 | 5.11 | 16.8 | 0.80 | 0.50 | 0.45
E04–E08 | 5.19 | 22.6 | 0.80 | 0.40 | 0.45
E20–E21 | 5.22 | 11.1 | 0.65 | 0.75 | 0.48
E07–E08 | 5.22 | 17.2 | 0.75 | 0.90 | 0.23
E12–E25 | 5.26 | 15.4 | 0.90 | 0.15 | 0.52
E07–E24 | 5.27 | 12.7 | 0.65 | 0.85 | 0.42
E18–E26 | 5.29 | 14.7 | 1.00 | 0.50 | 0.36
E24–E29 | 5.32 | 8.5 | 1.00 | 0.70 | 0.29
E12–E29 | 5.34 | 13.7 | 1.00 | 0.80 | 0.09
E25–E27 | 5.43 | 13.8 | 0.90 | 0.65 | 0.42
E07–E27 | 5.43 | 13.7 | 0.50 | 0.85 | 0.52
E23–E24 | 5.44 | 13.4 | 1.00 | 0.70 | 0.30
E15–E27 | 5.46 | 13.3 | 1.00 | 0.80 | 0.20
E10–E21 | 5.48 | 22.6 | 0.75 | 0.95 | 0.18
E16–E24 | 5.48 | 14.7 | 1.00 | 0.70 | 0.30
E28–E29 | 5.52 | 11.8 | 1.00 | 0.90 | 0.04
E04–E20 | 5.52 | 18.6 | 0.85 | 0.75 | 0.38
E12–E20 | 5.54 | 21.1 | 1.00 | 0.80 | 0.02
E08–E26 | 5.55 | 17.6 | 0.75 | 0.45 | 0.59
E10–E20 | 5.57 | 22.4 | 0.90 | 0.75 | 0.30
E23–E28 | 5.58 | 14.3 | 1.00 | 0.90 | 0.05
E12–E23 | 5.58 | 17.8 | 1.00 | 0.85 | 0.10
E07–E25 | 5.59 | 13.5 | 0.90 | 1.00 | 0.10
E16–E28 | 5.62 | 15.8 | 1.00 | 0.90 | 0.05
E21–E28 | 5.64 | 11.6 | 0.40 | 0.95 | 0.55
E03–E17 | 5.66 | 10.7 | 1.00 | 0.30 | 0.55
E04–E17 | 5.67 | 20.1 | 1.00 | 0.25 | 0.50
E04–E15 | 5.69 | 16.6 | 1.00 | 0.40 | 0.50
E23–E27 | 5.72 | 18.3 | 1.00 | 0.85 | 0.20
E12–E16 | 5.73 | 24.7 | 1.00 | 0.80 | 0.10
E10–E18 | 5.74 | 18.2 | 1.00 | 0.60 | 0.42
E03–E18 | 5.75 | 14.9 | 1.00 | 0.30 | 0.55
E26–E29 | 5.77 | 12.9 | 1.00 | 0.80 | 0.35
E10–E29 | 5.78 | 9.9 | 1.00 | 0.75 | 0.41
E04–E18 | 5.81 | 18.4 | 1.00 | 0.45 | 0.50
E16–E26 | 5.85 | 14.8 | 1.00 | 0.80 | 0.36
E08–E24 | 5.86 | 18.3 | 0.80 | 0.35 | 0.65
E08–E10 | 5.94 | 23.3 | 0.85 | 0.60 | 0.53
E07–E20 | 5.97 | 12.9 | 0.75 | 0.75 | 0.60
E15–E25 | 5.98 | 15.2 | 1.00 | 0.15 | 0.62
E23–E26 | 6.01 | 16.8 | 1.00 | 0.85 | 0.36
E10–E17 | 6.01 | 25.6 | 1.00 | 0.60 | 0.42
E03–E16 | 6.05 | 11.7 | 1.00 | 0.60 | 0.55
E04–E29 | 6.06 | 10.2 | 1.00 | 0.75 | 0.49
E03–E29 | 6.08 | 14.8 | 1.00 | 0.60 | 0.54
E17–E25 | 6.08 | 13.8 | 1.00 | 0.35 | 0.62
E03–E23 | 6.09 | 13.8 | 1.00 | 0.60 | 0.55
E10–E15 | 6.11 | 14.0 | 1.00 | 0.85 | 0.42
E21–E27 | 6.13 | 21.0 | 0.85 | 0.95 | 0.40
E07–E12 | 6.23 | 18.0 | 0.40 | 1.00 | 0.62
E10–E16 | 6.24 | 24.6 | 1.00 | 0.75 | 0.42
E03–E15 | 6.25 | 13.3 | 1.00 | 0.70 | 0.55
E18–E25 | 6.29 | 13.0 | 1.00 | 0.55 | 0.62
E20–E25 | 6.30 | 10.3 | 1.00 | 0.85 | 0.50
E10–E23 | 6.33 | 21.6 | 1.00 | 0.85 | 0.42
E12–E21 | 6.40 | 19.6 | 0.85 | 0.95 | 0.50
E04–E16 | 6.42 | 22.5 | 1.00 | 0.75 | 0.50
E08–E27 | 6.48 | 21.1 | 0.85 | 0.25 | 0.75
E21–E23 | 6.51 | 11.7 | 1.00 | 0.75 | 0.60
E04–E23 | 6.55 | 20.7 | 1.00 | 0.85 | 0.50
E08–E20 | 6.59 | 13.2 | 0.70 | 0.45 | 0.83
E07–E28 | 6.72 | 15.8 | 0.65 | 1.00 | 0.67
E25–E29 | 6.73 | 10.6 | 1.00 | 0.85 | 0.61
E23–E25 | 6.78 | 11.7 | 1.00 | 0.85 | 0.62
E16–E25 | 6.84 | 14.7 | 1.00 | 0.85 | 0.62
E17–E21 | 6.93 | 12.7 | 1.00 | 0.95 | 0.60
E16–E21 | 7.07 | 13.9 | 1.00 | 1.00 | 0.60
E15–E21 | 7.10 | 20.1 | 1.00 | 0.95 | 0.60
E07–E23 | 7.11 | 15.9 | 1.00 | 0.75 | 0.72
E08–E17 | 7.11 | 15.0 | 0.70 | 0.15 | 0.95
E18–E21 | 7.13 | 20.9 | 1.00 | 0.95 | 0.60
E08–E12 | 7.14 | 20.2 | 0.85 | 0.45 | 0.85
E21–E29 | 7.15 | 19.1 | 1.00 | 1.00 | 0.59
E08–E18 | 7.34 | 23.6 | 0.70 | 0.15 | 0.95
E08–E28 | 7.36 | 13.1 | 0.85 | 0.55 | 0.90
E08–E29 | 7.36 | 19.7 | 0.70 | 0.45 | 0.94
E08–E16 | 7.37 | 17.7 | 0.70 | 0.45 | 0.95
E07–E16 | 7.49 | 10.1 | 1.00 | 1.00 | 0.72
E07–E18 | 7.52 | 12.4 | 1.00 | 1.00 | 0.72
E07–E17 | 7.54 | 13.2 | 1.00 | 1.00 | 0.72
E07–E29 | 7.61 | 18.6 | 1.00 | 1.00 | 0.71
E07–E15 | 7.63 | 17.7 | 1.00 | 1.00 | 0.72
E08–E15 | 7.72 | 22.2 | 0.70 | 0.65 | 0.95
E08–E23 | 7.79 | 11.2 | 0.70 | 0.85 | 0.95
Minimum du lot 2 : 1.79 (E17–E18)

