Rendus hors écran 256 × 144, vue principale. ΔE76 en CIELAB. Seuils : couleur moyenne ≥ 2,3 ; grille 4 × 4 ≥ 5.

Lot 1 — couleurs moyennes (jour) :
  E01 : sRGB (130, 122, 111) ; L*a*b* (51.7, 0.7, 7.5) ; crépuscule L*a*b* (40.1, 11.2, 17.7)
  E02 : sRGB (139, 131, 123) ; L*a*b* (55.3, 1.5, 5.4) ; crépuscule L*a*b* (40.2, 11.2, 16.6)
  E05 : sRGB (94, 92, 88) ; L*a*b* (39.2, 0.1, 2.5) ; crépuscule L*a*b* (28.4, 10.0, 13.5)
  E06 : sRGB (124, 128, 126) ; L*a*b* (53.0, -1.7, 0.3) ; crépuscule L*a*b* (40.3, 8.3, 14.4)
  E11 : sRGB (104, 111, 81) ; L*a*b* (45.7, -8.4, 16.3) ; crépuscule L*a*b* (31.0, 5.0, 16.6)
  E13 : sRGB (122, 133, 109) ; L*a*b* (54.0, -8.7, 11.8) ; crépuscule L*a*b* (42.4, 5.4, 18.9)
  E14 : sRGB (64, 62, 49) ; L*a*b* (26.2, -1.9, 8.4) ; crépuscule L*a*b* (24.2, 6.3, 10.2)
  E19 : sRGB (134, 132, 104) ; L*a*b* (54.6, -3.9, 15.5) ; crépuscule L*a*b* (38.0, 7.9, 18.1)
  E22 : sRGB (111, 116, 107) ; L*a*b* (48.3, -3.8, 4.6) ; crépuscule L*a*b* (35.7, 6.9, 12.6)

Lot 1 — paires : ΔE moyen jour | ΔE grille jour | ΔE moyen crépuscule
  E01–E02 | 4.2 | 10.0 | 1.1
  E13–E19 | 6.1 | 8.3 | 5.2
  E01–E22 | 6.3 | 11.5 | 8.0
  E02–E06 | 6.4 | 10.7 | 3.6
  E06–E22 | 6.7 | 10.7 | 5.2
  E01–E06 | 7.7 | 10.2 | 4.3
  E02–E22 | 8.7 | 14.9 | 7.5
  E11–E13 | 9.5 | 11.9 | 11.7
  E01–E19 | 9.7 | 12.8 | 3.9
  E11–E19 | 10.1 | 14.5 | 7.8
  E05–E22 | 10.2 | 19.3 | 7.9
  E13–E22 | 10.3 | 11.6 | 9.4
  E01–E13 | 10.5 | 14.8 | 6.3
  E02–E19 | 11.4 | 15.0 | 4.2
  E02–E13 | 12.1 | 17.0 | 6.7
  E19–E22 | 12.5 | 14.0 | 6.1
  E11–E22 | 12.8 | 16.9 | 6.5
  E06–E13 | 13.5 | 16.2 | 5.8
  E01–E05 | 13.5 | 18.1 | 12.5
  E01–E11 | 14.1 | 15.7 | 11.1
  E05–E06 | 14.1 | 16.7 | 12.0
  E05–E14 | 14.4 | 22.4 | 6.5
  E06–E19 | 15.4 | 17.5 | 4.3
  E02–E05 | 16.4 | 21.7 | 12.2
  E05–E11 | 17.5 | 22.0 | 6.4
  E02–E11 | 17.6 | 21.1 | 11.1
  E06–E11 | 18.9 | 21.5 | 10.2
  E05–E13 | 19.5 | 27.6 | 15.7
  E05–E19 | 20.5 | 28.1 | 10.8
  E11–E14 | 22.0 | 32.0 | 9.5
  E14–E22 | 22.5 | 33.0 | 11.8
  E01–E14 | 25.7 | 31.7 | 18.3
  E06–E14 | 28.0 | 33.6 | 16.8
  E13–E14 | 28.8 | 38.0 | 20.3
  E14–E19 | 29.3 | 38.9 | 16.0
  E02–E14 | 29.4 | 35.5 | 17.9
  minimum : ΔE moyen 4.2, ΔE grille 8.3 (36 paires)

