
> murs-et-sang@0.0.1 verify
> npm run typecheck && npm run lint && npm run test && npm run data:validate && npm run assets:check && npm run canon:check && npm run sim:selftest && npm run build


> murs-et-sang@0.0.1 typecheck
> tsc --noEmit


> murs-et-sang@0.0.1 lint
> eslint . --max-warnings 0


> murs-et-sang@0.0.1 test
> vitest run


 RUN  v5.0.3 /home/user/Jeu-AOT-V2


 Test Files  72 passed (72)
      Tests  451 passed (451)
   Start at  11:29:53
   Duration  112.51s (tests 91%, import 7%, transform 2%)


> murs-et-sang@0.0.1 data:validate
> tsx src/tools/data-validate.ts

data:validate : « data » valide (74 provinces, 80 personnages, 88 technologies, 91 événements, 9 Titans-porteurs, 0 positionnements, 11 bâtiments, 3 scénarios ; équilibrage : economy, time, politics, society, expeditions, logistics, tactical, events, research, intel, shifters, world ; rendu : 28 profils de style).

> murs-et-sang@0.0.1 assets:check
> tsx src/tools/assets-check.ts

assets:check : 102 entrées, 102 fichiers ; licences, sources et empreintes conformes.

> murs-et-sang@0.0.1 canon:check
> tsx src/tools/canon-check.ts

canon:check : « data » conforme (R1–R12, 592 entrées).

> murs-et-sang@0.0.1 sim:selftest
> tsx src/tools/sim-selftest.ts

[sans monde] direct : 3c17ecdc | worker : 3c17ecdc | date an 847, jour 281
[scn_sandbox_845] direct : 08bedd60 | worker : 08bedd60 | date an 847, jour 281
[scn_sandbox_850] direct : 5418280e | worker : 5418280e | date an 852, jour 281 | événements : 34 canon survenus, divergence 0, 5 technologies | porteurs (P6) : Colossal → char_armin_arlert, 1 héritage(s), sérum 0
[scn_854] direct : 9e0b9622 | worker : 9e0b9622 | date an 856, jour 281 | événements : 6 canon survenus, divergence 0, 5 technologies | porteurs (P6) : Colossal → char_armin_arlert, 5 héritage(s), sérum 0
[scn_854, Marley] direct : f0ca0b94 | worker : f0ca0b94 | date an 854, jour 181 | guerres : fac_marley|fac_paradis | Marteau → char_eren_yeager
[scn_sandbox_850 + expédition] direct : 0d187108 | worker : 0d187108 | date an 850, jour 168 | rapport : 72 morts / 103
[scn_sandbox_850 + bataille jouée] direct : 682039d9 | worker : 682039d9 | date an 850, jour 129 | 7 commandes | bataille reportée
sim:selftest : OK (direct = worker : sans monde, bac à sable 845, bac à sable politique 850, 854, 854 mené par Marley, 850 avec une expédition, 850 avec une bataille jouée).

> murs-et-sang@0.0.1 build
> tsc --noEmit && vite build

vite v8.3.2 building client environment for production...
transforming...
✓ 1026 modules transformed.
rendering chunks...
computing gzip size...
dist/index.html                                                     0.90 kB │ gzip:   0.41 kB
dist/assets/eb-garamond-latin-400-normal-BCNrxLz_.woff2            23.82 kB
dist/assets/eb-garamond-latin-400-italic-DSEbMgZu.woff2            25.38 kB
dist/assets/unifrakturmaguntia-latin-400-normal-BmHZTSVP.woff      26.00 kB
dist/assets/unifrakturmaguntia-latin-400-normal-ColWi6tl.woff2     26.51 kB
dist/assets/eb-garamond-latin-400-normal-maQnHeKB.woff             28.60 kB
dist/assets/eb-garamond-latin-400-italic-CDFyLPXJ.woff             30.86 kB
dist/assets/special-elite-latin-400-normal-YjDd9tmf.woff2          53.29 kB
dist/assets/im-fell-english-latin-400-normal-BhowGHCQ.woff2        59.88 kB
dist/assets/special-elite-latin-400-normal-BtSRmyJ6.woff           63.41 kB
dist/assets/im-fell-english-latin-400-normal-CxhBQSzl.woff         69.68 kB
dist/assets3d/polyhaven/roof_tiles_14_nor_gl_1k.webp              170.29 kB
dist/assets3d/polyhaven/roof_tiles_14_diff_1k.webp                175.19 kB
dist/assets3d/polyhaven/roof_slates_02_diff_1k.webp               286.82 kB
dist/assets3d/polyhaven/roof_slates_02_nor_gl_1k.webp             299.09 kB
dist/assets3d/polyhaven/cobblestone_floor_08_diff_1k.webp         345.73 kB
dist/assets3d/polyhaven/castle_wall_slates_diff_1k.webp           368.80 kB
dist/assets3d/polyhaven/medieval_blocks_03_diff_1k.webp           378.90 kB
dist/assets3d/polyhaven/cobblestone_floor_08_nor_gl_1k.webp       400.55 kB
dist/assets3d/polyhaven/castle_wall_slates_nor_gl_1k.webp         445.32 kB
dist/assets3d/polyhaven/forrest_ground_01_diff_1k.webp            460.06 kB
dist/assets3d/polyhaven/medieval_blocks_03_nor_gl_1k.webp         551.92 kB
dist/assets3d/polyhaven/forrest_ground_01_nor_gl_1k.webp          596.19 kB
dist/assets3d/makehuman/eyes/brown_eye.png                        610.81 kB
dist/assets/sim.worker-BDqA4b1U.js                                620.33 kB
dist/assets3d/derives/humain.glb                                5,886.10 kB
dist/assets/entry-B21v161C.css                                      3.62 kB │ gzip:   1.16 kB
dist/assets/index-Cu-D26Eg.css                                     46.07 kB │ gzip:   9.47 kB
dist/assets/webworkerAll-B2G25hnT.js                                0.05 kB │ gzip:   0.06 kB
dist/assets/getTextureBatchBindGroup-B7fcsu1p.js                    0.34 kB │ gzip:   0.27 kB
dist/assets/classes-DEhXJjxY.js                                     0.69 kB │ gzip:   0.32 kB
dist/assets/strata-npNEBvhE.js                                      0.80 kB │ gzip:   0.28 kB
dist/assets/paradis-kamvYMDT.js                                     0.95 kB │ gzip:   0.38 kB
dist/assets/paradis-A3h82_bz.js                                     1.14 kB │ gzip:   0.75 kB
dist/assets/paradis-Crip5FYw.js                                     1.22 kB │ gzip:   0.40 kB
dist/assets/maps-Cim3wVhH.js                                        1.50 kB │ gzip:   0.67 kB
dist/assets/paradis-DCIsDpsT.js                                     1.56 kB │ gzip:   0.53 kB
dist/assets/purs-CwrAwN9k.js                                        1.97 kB │ gzip:   0.62 kB
dist/assets/nations--OZIC8Al.js                                     2.32 kB │ gzip:   0.88 kB
dist/assets/hizuru-DQp4pwcr.js                                      2.60 kB │ gzip:   0.72 kB
dist/assets/sandbox_845-DwBxihrf.js                                 3.08 kB │ gzip:   1.01 kB
dist/assets/doctrines-DrORN3bC.js                                   3.19 kB │ gzip:   0.50 kB
dist/assets/roles-Bw86WKOT.js                                       3.33 kB │ gzip:   0.77 kB
dist/assets/gallery-CNt9xsVh.js                                     3.46 kB │ gzip:   1.67 kB
dist/assets/bench-0TINgorF.js                                       5.17 kB │ gzip:   2.59 kB
dist/assets/humanViewer-fBLWw4H9.js                                 5.19 kB │ gzip:   2.38 kB
dist/assets/traits-DkeYJPZ9.js                                      5.59 kB │ gzip:   1.40 kB
dist/assets/sandbox_850-BGioyvzc.js                                 5.60 kB │ gzip:   2.01 kB
dist/assets/entry-C07Va26A.js                                       5.76 kB │ gzip:   2.66 kB
dist/assets/canon_skeletons-DcRY0n0E.js                             5.89 kB │ gzip:   0.75 kB
dist/assets/canvasUtils-XYxewFj2.js                                 6.05 kB │ gzip:   2.05 kB
dist/assets/titanGallery-9cZjwR0n.js                                6.24 kB │ gzip:   2.26 kB
dist/assets/canon_854-PP7YTWtp.js                                   6.39 kB │ gzip:   1.57 kB
dist/assets/scn_854-BavVIjJz.js                                     8.74 kB │ gzip:   2.75 kB
dist/assets/meshProps-C73-GvjX.js                                   8.98 kB │ gzip:   3.33 kB
dist/assets/marley-BO3wrdz1.js                                      9.50 kB │ gzip:   1.25 kB
dist/assets/modern-CeeCw8E0.js                                      9.94 kB │ gzip:   1.32 kB
dist/assets/nine-CUiERPM2.js                                       10.26 kB │ gzip:   1.70 kB
dist/assets/quality-k-3H_ZxC.js                                    10.49 kB │ gzip:   4.34 kB
dist/assets/world-bMg9Gyku.js                                      11.01 kB │ gzip:   2.13 kB
dist/assets/getTexelRangeRects-DemSBSsJ.js                         11.31 kB │ gzip:   2.98 kB
dist/assets/paradis-BZO7jAA3.js                                    12.80 kB │ gzip:   2.46 kB
dist/assets/init-DaVtxDhO.js                                       14.86 kB │ gzip:   4.62 kB
dist/assets/generic-Cvy5m8dR.js                                    16.72 kB │ gzip:   2.23 kB
dist/assets/proto-dunmmVfJ.js                                      17.81 kB │ gzip:   7.43 kB
dist/assets/meshWall-CcFZRIMJ.js                                   21.16 kB │ gzip:   8.43 kB
dist/assets/paradis-UPtl3Ka_.js                                    23.01 kB │ gzip:   2.61 kB
dist/assets/world-D64zYQ6T.js                                      23.23 kB │ gzip:   2.85 kB
dist/assets/paradis-BnsdlLLG.js                                    23.75 kB │ gzip:   3.00 kB
dist/assets/paradis-BK6GNPE_.js                                    35.05 kB │ gzip:   5.19 kB
dist/assets/canon_850-B4M9Lio2.js                                  35.27 kB │ gzip:   5.78 kB
dist/assets/browserAll-B9mKNsqR.js                                 43.48 kB │ gzip:  11.28 kB
dist/assets/paradis-CKrauoQ1.js                                    43.72 kB │ gzip:   4.58 kB
dist/assets/GLTFLoader-eF2U-4-O.js                                 44.29 kB │ gzip:  13.19 kB
dist/assets/post-DLfZ4RkG.js                                       54.77 kB │ gzip:  13.23 kB
dist/assets/RenderTargetSystem-D6eF_o2J.js                         78.15 kB │ gzip:  22.10 kB
dist/assets/envViewer-BuveoAg4.js                                  84.62 kB │ gzip:  31.25 kB
dist/assets/CanvasPool-ADgchDYy.js                                113.07 kB │ gzip:  34.46 kB
dist/assets/bodies-Dn6pZMhI.js                                    759.75 kB │ gzip: 203.99 kB
dist/assets/index-De8RM2vf.js                                     902.58 kB │ gzip: 275.34 kB

[plugin builtin:vite-reporter] 
(!) Some chunks are larger than 500 kB after minification. Consider:
- Using dynamic import() to code-split the application
- Use build.rolldownOptions.output.codeSplitting to improve chunking: https://rolldown.rs/reference/OutputOptions.codeSplitting
- Adjust chunk size limit for this warning via build.chunkSizeWarningLimit.
✓ built in 1.46s
exit 0
