Rendus hors écran 256 × 144, vue principale. ΔE76 en CIELAB. Seuils : couleur moyenne ≥ 2,3 ; grille 4 × 4 ≥ 5.

Lot 1 — couleurs moyennes (jour) :
  E01 : sRGB (159, 153, 141) ; L*a*b* (63.5, -0.3, 7.5) ; crépuscule L*a*b* (44.6, 10.8, 18.9)
  E02 : sRGB (162, 155, 149) ; L*a*b* (64.3, 1.5, 3.7) ; crépuscule L*a*b* (44.6, 12.5, 18.0)
  E05 : sRGB (119, 118, 117) ; L*a*b* (49.8, -0.1, 1.0) ; crépuscule L*a*b* (35.2, 10.6, 14.4)
  E06 : sRGB (149, 157, 158) ; L*a*b* (64.1, -2.5, -1.4) ; crépuscule L*a*b* (44.6, 8.4, 15.0)
  E11 : sRGB (165, 172, 125) ; L*a*b* (68.7, -10.1, 23.3) ; crépuscule L*a*b* (40.1, 2.9, 22.8)
  E13 : sRGB (166, 181, 150) ; L*a*b* (71.8, -10.7, 14.3) ; crépuscule L*a*b* (47.5, 3.6, 21.5)
  E14 : sRGB (83, 85, 62) ; L*a*b* (35.5, -5.3, 13.5) ; crépuscule L*a*b* (27.9, 5.7, 13.4)
  E19 : sRGB (188, 191, 159) ; L*a*b* (76.4, -6.6, 16.2) ; crépuscule L*a*b* (49.9, 9.5, 25.8)
  E22 : sRGB (156, 167, 154) ; L*a*b* (67.3, -6.2, 5.4) ; crépuscule L*a*b* (42.7, 6.4, 14.9)

Lot 1 — paires : ΔE moyen jour | ΔE grille jour | ΔE moyen crépuscule
  E01–E02 | 4.2 | 11.0 | 1.9
  E13–E19 | 6.5 | 11.1 | 7.7
  E02–E06 | 6.5 | 11.1 | 5.0
  E01–E22 | 7.3 | 13.4 | 6.3
  E06–E22 | 8.4 | 15.8 | 2.8
  E02–E22 | 8.4 | 16.1 | 7.1
  E01–E06 | 9.2 | 13.2 | 4.6
  E11–E13 | 9.6 | 13.6 | 7.5
  E13–E22 | 10.9 | 12.6 | 8.7
  E11–E19 | 11.1 | 16.7 | 12.1
  E19–E22 | 14.1 | 16.6 | 13.4
  E05–E06 | 14.7 | 17.7 | 9.7
  E02–E05 | 14.8 | 21.6 | 10.2
  E01–E13 | 14.9 | 19.2 | 8.2
  E01–E05 | 15.2 | 19.5 | 10.4
  E01–E19 | 16.8 | 23.4 | 8.8
  E02–E13 | 17.8 | 21.2 | 10.0
  E11–E22 | 18.4 | 21.1 | 9.0
  E05–E22 | 19.0 | 25.2 | 8.5
  E02–E19 | 19.2 | 24.2 | 9.9
  E06–E13 | 19.3 | 21.5 | 8.6
  E01–E11 | 19.3 | 21.0 | 9.9
  E05–E14 | 19.7 | 30.2 | 8.8
  E06–E19 | 21.9 | 26.3 | 12.0
  E02–E11 | 23.2 | 26.3 | 11.6
  E06–E11 | 26.3 | 30.3 | 10.5
  E05–E13 | 27.8 | 34.5 | 15.8
  E01–E14 | 29.1 | 37.1 | 18.3
  E05–E11 | 30.9 | 34.1 | 12.4
  E02–E14 | 31.2 | 40.4 | 18.6
  E05–E19 | 31.3 | 38.4 | 18.6
  E06–E14 | 32.3 | 43.0 | 17.0
  E14–E22 | 32.8 | 34.4 | 14.9
  E11–E14 | 35.0 | 40.4 | 15.7
  E13–E14 | 36.7 | 41.5 | 21.3
  E14–E19 | 41.1 | 46.0 | 25.5
  minimum : ΔE moyen 4.2, ΔE grille 11.0 (36 paires)

Lot 2 — couleurs moyennes (jour) :
  E03 : sRGB (157, 157, 151) ; L*a*b* (64.6, -0.9, 3.2) ; crépuscule L*a*b* (43.3, 10.0, 16.5)
  E04 : sRGB (152, 150, 137) ; L*a*b* (62.0, -1.8, 7.2) ; crépuscule L*a*b* (42.9, 9.8, 18.1)
  E07 : sRGB (134, 128, 123) ; L*a*b* (54.0, 1.5, 3.3) ; crépuscule L*a*b* (38.6, 10.1, 15.1)
  E08 : sRGB (57, 41, 25) ; L*a*b* (18.1, 5.2, 13.1) ; crépuscule L*a*b* (12.9, 7.1, 12.6)
  E10 : sRGB (178, 189, 153) ; L*a*b* (75.0, -10.2, 17.3) ; crépuscule L*a*b* (47.8, 4.3, 23.5)
  E12 : sRGB (191, 197, 165) ; L*a*b* (78.4, -7.7, 15.7) ; crépuscule L*a*b* (51.1, 5.1, 22.9)
  E15 : sRGB (137, 151, 126) ; L*a*b* (60.7, -10.0, 11.6) ; crépuscule L*a*b* (43.3, 6.0, 22.4)
  E16 : sRGB (149, 151, 142) ; L*a*b* (62.2, -2.8, 4.7) ; crépuscule L*a*b* (44.3, 7.2, 15.7)
  E17 : sRGB (155, 169, 159) ; L*a*b* (67.9, -7.0, 3.7) ; crépuscule L*a*b* (43.6, 5.8, 16.1)
  E18 : sRGB (177, 189, 190) ; L*a*b* (75.8, -4.1, -2.0) ; crépuscule L*a*b* (51.0, 9.2, 16.8)
  E20 : sRGB (141, 159, 148) ; L*a*b* (63.7, -8.3, 3.4) ; crépuscule L*a*b* (43.2, 7.3, 17.7)
  E21 : sRGB (132, 124, 117) ; L*a*b* (52.6, 1.9, 4.9) ; crépuscule L*a*b* (37.4, 13.2, 18.6)
  E23 : sRGB (57, 32, 9) ; L*a*b* (14.9, 9.7, 18.5) ; crépuscule L*a*b* (13.7, 9.4, 17.2)
  E24 : sRGB (178, 177, 150) ; L*a*b* (71.6, -4.3, 14.2) ; crépuscule L*a*b* (43.3, 7.2, 19.1)
  E25 : sRGB (163, 164, 152) ; L*a*b* (66.9, -2.1, 5.9) ; crépuscule L*a*b* (42.8, 9.9, 17.2)
  E26 : sRGB (163, 170, 150) ; L*a*b* (68.7, -6.2, 9.5) ; crépuscule L*a*b* (44.1, 5.8, 17.7)
  E27 : sRGB (173, 182, 135) ; L*a*b* (72.2, -11.2, 22.9) ; crépuscule L*a*b* (42.7, 1.1, 23.8)
  E28 : sRGB (131, 148, 133) ; L*a*b* (59.5, -9.1, 5.6) ; crépuscule L*a*b* (41.7, 6.0, 17.5)
  E29 : sRGB (192, 193, 176) ; L*a*b* (77.6, -3.2, 8.5) ; crépuscule L*a*b* (49.7, 10.9, 20.2)

Lot 2 — paires : ΔE moyen jour | ΔE grille jour | ΔE moyen crépuscule
  E07–E21 | 2.1 | 9.4 | 4.8
  E04–E16 | 2.7 | 6.7 | 3.8
  E03–E16 | 3.4 | 10.6 | 3.1
  E03–E25 | 3.8 | 13.9 | 0.9
  E17–E20 | 4.4 | 11.0 | 2.3
  E10–E12 | 4.5 | 8.5 | 3.4
  E20–E28 | 4.8 | 7.8 | 2.0
  E16–E25 | 4.9 | 16.6 | 3.5
  E03–E04 | 4.9 | 10.2 | 1.7
  E04–E25 | 5.1 | 12.9 | 0.9
  E17–E25 | 5.5 | 13.7 | 4.4
  E25–E26 | 5.7 | 10.2 | 4.4
  E24–E26 | 5.8 | 10.6 | 2.2
  E17–E26 | 5.9 | 10.4 | 1.7
  E16–E20 | 5.9 | 17.4 | 2.4
  E15–E28 | 6.2 | 7.4 | 5.2
  E10–E27 | 6.4 | 13.3 | 6.0
  E16–E28 | 6.9 | 17.4 | 3.4
  E03–E17 | 7.0 | 15.3 | 4.3
  E16–E17 | 7.2 | 16.5 | 1.6
  E20–E25 | 7.4 | 11.2 | 2.7
  E03–E20 | 7.5 | 17.2 | 3.0
  E10–E24 | 7.5 | 9.8 | 7.0
  E04–E20 | 7.7 | 16.2 | 2.6
  E08–E23 | 7.8 | 11.8 | 5.2
  E12–E24 | 7.8 | 10.6 | 8.9
  E04–E28 | 7.8 | 15.5 | 4.1
  E20–E26 | 8.1 | 10.9 | 1.7
  E24–E29 | 8.3 | 13.5 | 7.4
  E04–E26 | 8.3 | 12.7 | 4.2
  E12–E29 | 8.6 | 12.8 | 6.5
  E04–E17 | 8.7 | 15.9 | 4.5
  E16–E26 | 8.8 | 14.6 | 2.5
  E17–E28 | 8.9 | 11.9 | 2.4
  E15–E20 | 8.9 | 11.7 | 4.8
  E15–E26 | 9.1 | 11.5 | 4.8
  E03–E26 | 9.2 | 14.1 | 4.5
  E07–E16 | 9.3 | 13.8 | 6.4
  E04–E15 | 9.3 | 16.1 | 5.7
  E26–E29 | 9.4 | 18.2 | 7.8
  E04–E07 | 9.5 | 12.4 | 5.3
  E24–E25 | 9.7 | 12.3 | 3.4
  E03–E28 | 10.0 | 16.4 | 4.5
  E17–E18 | 10.1 | 17.5 | 8.2
  E25–E28 | 10.1 | 12.3 | 4.1
  E12–E27 | 10.1 | 15.0 | 9.3
  E15–E16 | 10.1 | 18.5 | 6.9
  E26–E28 | 10.4 | 12.0 | 2.5
  E04–E21 | 10.4 | 11.7 | 6.5
  E18–E29 | 10.6 | 19.7 | 4.0
  E16–E21 | 10.7 | 13.2 | 9.6
  E03–E07 | 10.9 | 14.7 | 4.9
  E10–E26 | 10.9 | 14.6 | 7.0
  E25–E29 | 11.0 | 15.1 | 7.5
  E15–E17 | 11.1 | 14.0 | 6.4
  E24–E27 | 11.2 | 15.0 | 7.7
  E17–E29 | 11.4 | 22.5 | 8.9
  E17–E24 | 11.4 | 18.4 | 3.4
  E15–E25 | 11.5 | 13.5 | 6.5
  E10–E29 | 11.6 | 15.4 | 7.6
  E12–E26 | 11.7 | 13.2 | 8.7
  E18–E25 | 12.0 | 17.8 | 8.3
  E04–E24 | 12.1 | 15.9 | 2.8
  E07–E28 | 12.2 | 24.4 | 5.6
  E03–E21 | 12.4 | 13.9 | 7.0
  E15–E24 | 12.6 | 14.7 | 3.5
  E03–E18 | 12.7 | 17.4 | 7.8
  E21–E28 | 13.0 | 20.3 | 8.5
  E03–E15 | 13.0 | 17.5 | 7.2
  E16–E24 | 13.5 | 18.7 | 3.6
  E03–E24 | 13.5 | 16.8 | 3.9
  E18–E26 | 13.6 | 19.3 | 7.7
  E07–E25 | 13.7 | 23.1 | 4.7
  E07–E20 | 13.8 | 25.8 | 6.0
  E18–E20 | 13.9 | 20.5 | 8.2
  E20–E24 | 13.9 | 17.4 | 1.4
  E03–E29 | 14.2 | 25.0 | 7.4
  E26–E27 | 14.8 | 19.0 | 7.8
  E21–E25 | 14.9 | 20.4 | 6.4
  E20–E21 | 15.2 | 23.1 | 8.3
  E16–E18 | 15.2 | 20.8 | 7.1
  E10–E15 | 15.4 | 16.2 | 5.0
  E24–E28 | 15.6 | 18.3 | 2.6
  E20–E29 | 15.6 | 18.4 | 7.8
  E10–E17 | 15.7 | 21.3 | 8.7
  E04–E29 | 15.7 | 26.5 | 7.1
  E07–E15 | 15.7 | 25.8 | 9.5
  E16–E29 | 15.9 | 28.5 | 7.9
  E15–E21 | 15.9 | 21.1 | 10.0
  E12–E17 | 16.0 | 18.2 | 10.1
  E15–E27 | 16.1 | 23.2 | 5.1
  E12–E25 | 16.2 | 17.3 | 11.2
  E10–E25 | 16.2 | 17.8 | 9.9
  E07–E17 | 16.3 | 23.6 | 6.6
  E18–E24 | 16.6 | 21.3 | 8.3
  E04–E18 | 16.7 | 23.1 | 8.3
  E27–E29 | 17.4 | 24.4 | 12.5
  E07–E26 | 17.7 | 23.1 | 7.4
  E17–E21 | 17.8 | 21.8 | 10.0
  E10–E20 | 18.0 | 20.1 | 8.0
  E12–E18 | 18.3 | 22.0 | 7.4
  E12–E15 | 18.3 | 19.6 | 7.9
  E15–E29 | 18.4 | 23.8 | 8.3
  E04–E10 | 18.5 | 23.5 | 9.2
  E21–E26 | 18.6 | 21.2 | 10.0
  E18–E28 | 18.6 | 23.4 | 9.9
  E28–E29 | 19.2 | 23.2 | 9.7
  E12–E20 | 19.2 | 19.9 | 9.7
  E04–E12 | 19.4 | 23.6 | 10.6
  E10–E28 | 19.5 | 20.8 | 8.8
  E10–E16 | 19.5 | 25.6 | 9.1
  E03–E10 | 19.9 | 23.0 | 10.2
  E03–E12 | 19.9 | 23.4 | 11.2
  E25–E27 | 20.0 | 25.6 | 11.0
  E17–E27 | 20.1 | 27.3 | 9.0
  E10–E18 | 20.2 | 23.1 | 9.0
  E12–E16 | 20.3 | 25.6 | 10.1
  E04–E27 | 20.9 | 22.2 | 10.3
  E15–E18 | 21.1 | 25.0 | 10.1
  E20–E27 | 21.5 | 27.1 | 8.6
  E12–E28 | 21.5 | 22.3 | 10.9
  E07–E24 | 21.5 | 26.3 | 6.8
  E27–E28 | 21.6 | 27.3 | 8.0
  E21–E24 | 22.1 | 23.8 | 8.4
  E16–E27 | 22.5 | 24.4 | 10.2
  E07–E18 | 23.1 | 30.3 | 12.6
  E03–E27 | 23.6 | 26.6 | 11.5
  E07–E29 | 24.6 | 36.1 | 12.2
  E18–E21 | 24.9 | 29.1 | 14.3
  E21–E29 | 25.7 | 34.5 | 12.6
  E18–E27 | 26.1 | 30.9 | 13.5
  E07–E10 | 27.9 | 34.2 | 13.8
  E10–E21 | 28.4 | 31.6 | 14.6
  E07–E12 | 28.9 | 34.2 | 15.5
  E07–E27 | 29.6 | 30.6 | 13.1
  E12–E21 | 29.6 | 32.3 | 16.5
  E21–E27 | 29.7 | 31.2 | 14.1
  E08–E21 | 35.6 | 37.4 | 26.0
  E07–E08 | 37.4 | 39.0 | 26.0
  E21–E23 | 40.9 | 40.6 | 24.1
  E07–E23 | 42.8 | 43.5 | 25.0
  E08–E28 | 44.5 | 48.9 | 29.2
  E04–E08 | 44.8 | 45.1 | 30.7
  E08–E15 | 45.3 | 50.3 | 32.0
  E08–E16 | 45.6 | 47.6 | 31.6
  E03–E08 | 47.9 | 48.8 | 30.8
  E08–E20 | 48.6 | 50.9 | 30.8
  E04–E23 | 49.8 | 50.0 | 29.2
  E08–E25 | 49.9 | 49.7 | 30.4
  E23–E28 | 50.1 | 53.0 | 28.2
  E15–E23 | 50.3 | 53.6 | 30.2
  E16–E23 | 50.8 | 51.9 | 30.7
  E08–E26 | 52.0 | 53.8 | 31.7
  E08–E17 | 52.2 | 55.7 | 31.0
  E03–E23 | 53.1 | 53.5 | 29.6
  E20–E23 | 54.2 | 55.8 | 29.6
  E08–E24 | 54.4 | 55.4 | 31.1
  E23–E25 | 54.8 | 54.5 | 29.1
  E23–E26 | 56.8 | 58.3 | 30.7
  E08–E27 | 57.4 | 60.0 | 32.4
  E17–E23 | 57.6 | 60.0 | 30.1
  E23–E24 | 58.6 | 59.3 | 29.8
  E08–E10 | 59.1 | 62.2 | 36.8
  E08–E29 | 60.3 | 61.6 | 37.8
  E08–E18 | 60.3 | 62.8 | 38.5
  E23–E27 | 61.2 | 63.1 | 30.8
  E08–E12 | 61.8 | 64.2 | 39.6
  E10–E23 | 63.4 | 65.9 | 35.1
  E23–E29 | 64.8 | 66.3 | 36.1
  E18–E23 | 65.7 | 67.3 | 37.4
  E12–E23 | 66.0 | 68.1 | 38.1
  minimum : ΔE moyen 2.1, ΔE grille 6.7 (171 paires)

