
> murs-et-sang@0.0.1 verify
> npm run typecheck && npm run lint && npm run test && npm run data:validate && npm run assets:check && npm run canon:check && npm run sim:selftest && npm run build


> murs-et-sang@0.0.1 typecheck
> tsc --noEmit


> murs-et-sang@0.0.1 lint
> eslint . --max-warnings 0


> murs-et-sang@0.0.1 test
> vitest run


 RUN  v5.0.3 /home/user/Jeu-AOT-V2

stdout | tests/places/murs.test.ts > R1e.3 — parement sans motif répété (CR1e-05) > autocorrélation des colonnes (2–30 m) : parement R1e < 0,35, témoin R1d > 0,35
parement R1e : max 0.501 à 19.9 m ; témoin R1d : max 1.001 à 9.9 m

 ❯ tests/places/murs.test.ts (3 tests | 1 failed) 1102ms
   ❯ R1e.3 — parement sans motif répété (CR1e-05) (1)
     × autocorrélation des colonnes (2–30 m) : parement R1e < 0,35, témoin R1d > 0,35 162ms

⎯⎯⎯⎯⎯⎯⎯ Failed Tests 1 ⎯⎯⎯⎯⎯⎯⎯

 FAIL  tests/places/murs.test.ts > R1e.3 — parement sans motif répété (CR1e-05) > autocorrélation des colonnes (2–30 m) : parement R1e < 0,35, témoin R1d > 0,35
AssertionError: expected 0.5014354337066348 to be less than 0.35
 ❯ tests/places/murs.test.ts:36:21
     34|     console.log(`parement R1e : max ${now.max.toFixed(3)} à ${now.lagM…
     35|     expect(r1d.max).toBeGreaterThan(PAREMENT_MAX);
     36|     expect(now.max).toBeLessThan(PAREMENT_MAX);
       |                     ^
     37|   });
     38| });

⎯⎯⎯⎯⎯⎯⎯⎯⎯⎯⎯⎯⎯⎯⎯⎯⎯⎯⎯⎯⎯⎯⎯⎯[1/1]⎯


 Test Files  1 failed | 77 passed (78)
      Tests  1 failed | 492 passed (493)
   Start at  19:55:04
   Duration  116.35s (tests 91%, import 7%, transform 2%)

exit 1
